// Jest Snapshot v1, https://goo.gl/fbAQLP

exports[`Pages/index Should match snapshots 1`] = `ShallowWrapper {}`;
